Starting test...
Failed: Cannot find module 'axios'
Require stack:
- /home/tz/Coding/Work/dinoreplica/dinoreplica/scripts/test-axios.js
Test finished.
